# JMH version: 1.21
# VM version: JDK 1.8.0_191, Java HotSpot(TM) 64-Bit Server VM, 25.191-b12
# VM invoker: C:\Program Files\Java\jdk1.8.0_191\jre\bin\java.exe
# VM options: -javaagent:D:\Program Files\JetBrains\IntelliJ IDEA 2020.1\lib\idea_rt.jar=60499:D:\Program Files\JetBrains\IntelliJ IDEA 2020.1\bin -Dfile.encoding=UTF-8
# Warmup: 5 iterations, 10 s each
# Measurement: 1 iterations, 10 s each
# Timeout: 1 s per iteration, ***WARNING: The timeout might be too low!***
# Threads: 4 threads, will synchronize iterations
# Benchmark mode: Throughput, ops/time
# Benchmark: com.wanghaotian.example.MapSearchTest.baiduTest

# Run progress: 0.00% complete, ETA 00:02:00
# Fork: 1 of 2
# Warmup Iteration   1: 